time,hr,watts
0,120,195
1,121,195
2,122,195
3,123,195
4,124,195
5,125,195
6,126,195
7,127,195
8,128,195
9,129,195
10,130,195
11,131,195
12,132,195
13,133,195
14,134,195
15,135,195
16,136,195
17,137,195
18,138,195
19,139,195
20,140,195
21,141,195
22,142,195
23,143,195
24,144,195
25,145,195
26,146,195
27,147,195
28,148,195
29,149,195