time,hr,watts
0,120,150
1,121,160
2,122,170
3,123,180
4,124,190
5,125,200
6,126,210
7,127,220
8,128,230
9,129,240